.\gradlew.bat : WARNING: A restricted method in java.lang.System has been called
строка:1 знак:1
+ .\gradlew.bat compilePlayDebugKotlin 2>&1 | Tee-Object -FilePath "bui ...
+ ~~~~~~~~~~~~~~~~~~~~~~~~~~~~~~~~~~~~~~~~~
    + CategoryInfo          : NotSpecified: (WARNING: A rest...has been called:String) [], RemoteException
    + FullyQualifiedErrorId : NativeCommandError
 
WARNING: java.lang.System::load has been called by net.rubygrapefruit.platform.internal.NativeLibraryLoader in an unnam
ed module (file:/C:/Users/savin/.gradle/wrapper/dists/gradle-9.3.1-bin/23ovyewtku6u96viwx3xl3oks/gradle-9.3.1/lib/nativ
e-platform-0.22-milestone-29.jar)
WARNING: Use --enable-native-access=ALL-UNNAMED to avoid a warning for callers in this module
WARNING: Restricted methods will be blocked in a future release unless native access is enabled

Starting a Gradle Daemon, 1 incompatible and 1 stopped Daemons could not be reused, use --status for details
Configuration on demand is an incubating feature.
> Task :app:checkKotlinGradlePluginConfigurationErrors SKIPPED
> Task :app:preBuild UP-TO-DATE
> Task :app:prePlayDebugBuild UP-TO-DATE
> Task :app:dataBindingMergeDependencyArtifactsPlayDebug UP-TO-DATE
> Task :app:generatePlayDebugResValues UP-TO-DATE
> Task :app:generatePlayDebugResources UP-TO-DATE
> Task :app:mergePlayDebugResources UP-TO-DATE
> Task :app:packagePlayDebugResources UP-TO-DATE
> Task :app:parsePlayDebugLocalResources UP-TO-DATE
> Task :app:dataBindingGenBaseClassesPlayDebug UP-TO-DATE
> Task :app:generatePlayDebugBuildConfig UP-TO-DATE
> Task :app:checkPlayDebugAarMetadata UP-TO-DATE
> Task :app:mapPlayDebugSourceSetPaths UP-TO-DATE
> Task :app:createPlayDebugCompatibleScreenManifests UP-TO-DATE
> Task :app:extractDeepLinksPlayDebug UP-TO-DATE
> Task :app:processPlayDebugMainManifest UP-TO-DATE
> Task :app:processPlayDebugManifest UP-TO-DATE
> Task :app:processPlayDebugManifestForPackage UP-TO-DATE
> Task :app:processPlayDebugResources UP-TO-DATE
> Task :app:kaptGenerateStubsPlayDebugKotlin UP-TO-DATE
> Task :app:kaptPlayDebugKotlin SKIPPED
> Task :app:compilePlayDebugKotlin
e: file:///D:/proj/WLRUS/app/src/main/java/com/wlrus/enums/EConfigType.kt:6:23 Unresolved reference 'VMESS'.
e: file:///D:/proj/WLRUS/app/src/main/java/com/wlrus/enums/EConfigType.kt:7:24 Unresolved reference 'CUSTOM'.
e: file:///D:/proj/WLRUS/app/src/main/java/com/wlrus/enums/EConfigType.kt:8:29 Unresolved reference 'SHADOWSOCKS'.
e: file:///D:/proj/WLRUS/app/src/main/java/com/wlrus/enums/EConfigType.kt:9:23 Unresolved reference 'SOCKS'.
e: file:///D:/proj/WLRUS/app/src/main/java/com/wlrus/enums/EConfigType.kt:10:23 Unresolved reference 'VLESS'.
e: file:///D:/proj/WLRUS/app/src/main/java/com/wlrus/enums/EConfigType.kt:11:24 Unresolved reference 'TROJAN'.
e: file:///D:/proj/WLRUS/app/src/main/java/com/wlrus/enums/EConfigType.kt:12:27 Unresolved reference 'WIREGUARD'.
e: file:///D:/proj/WLRUS/app/src/main/java/com/wlrus/enums/EConfigType.kt:15:27 Unresolved reference 'HYSTERIA2'.
e: file:///D:/proj/WLRUS/app/src/main/java/com/wlrus/enums/EConfigType.kt:16:28 Unresolved reference 'HYSTERIA'.
e: file:///D:/proj/WLRUS/app/src/main/java/com/wlrus/enums/EConfigType.kt:17:23 Unresolved reference 'HTTP'.
e: file:///D:/proj/WLRUS/app/src/main/java/com/wlrus/enums/EConfigType.kt:18:32 Unresolved reference 'CUSTOM'.
e: file:///D:/proj/WLRUS/app/src/main/java/com/wlrus/extension/_Ext.kt:10:17 Unresolved reference 'AngApplication'.
e: file:///D:/proj/WLRUS/app/src/main/java/com/wlrus/extension/_Ext.kt:16:30 Unresolved reference 'AngApplication'.
e: file:///D:/proj/WLRUS/app/src/main/java/com/wlrus/extension/_Ext.kt:17:35 Unresolved reference 'AngApplication'.
e: file:///D:/proj/WLRUS/app/src/main/java/com/wlrus/handler/AngConfigManager.kt:8:27 Unresolved reference 'HY2'.
e: file:///D:/proj/WLRUS/app/src/main/java/com/wlrus/handler/AngConfigManager.kt:406:94 Unresolved reference 'HY2'.
e: file:///D:/proj/WLRUS/app/src/main/java/com/wlrus/handler/SettingsManager.kt:53:47 Unresolved reference 'BUILTIN_SUB
SCRIPTIONS'.
e: file:///D:/proj/WLRUS/app/src/main/java/com/wlrus/handler/SettingsManager.kt:61:24 Method 'iterator()' is ambiguous 
for this expression. Applicable candidates:
fun <T> Enumeration<T>.iterator(): Iterator<T>
fun <T> Iterator<T>.iterator(): Iterator<T>
fun <K, V> Map<out K, V>.iterator(): Iterator<Map.Entry<K, V>>
fun <K, V> MutableMap<K, V>.iterator(): MutableIterator<MutableMap.MutableEntry<K, V>>
fun CharSequence.iterator(): CharIterator
fun BufferedInputStream.iterator(): ByteIterator
e: file:///D:/proj/WLRUS/app/src/main/java/com/wlrus/handler/SettingsManager.kt:73:44 Unresolved reference 'FORCE_UPDAT
E_EXISTING'.
e: file:///D:/proj/WLRUS/app/src/main/java/com/wlrus/handler/SettingsManager.kt:330:30 Unresolved reference 'split'.
e: file:///D:/proj/WLRUS/app/src/main/java/com/wlrus/handler/SettingsManager.kt:330:72 Unresolved reference 'it'.
e: file:///D:/proj/WLRUS/app/src/main/java/com/wlrus/handler/SettingsManager.kt:330:102 Unresolved reference 'it'.
e: file:///D:/proj/WLRUS/app/src/main/java/com/wlrus/handler/SettingsManager.kt:331:16 Overload resolution ambiguity be
tween candidates:
fun <T> Array<out T>.isEmpty(): Boolean
fun BooleanArray.isEmpty(): Boolean
fun ByteArray.isEmpty(): Boolean
fun CharArray.isEmpty(): Boolean
fun DoubleArray.isEmpty(): Boolean
fun FloatArray.isEmpty(): Boolean
fun IntArray.isEmpty(): Boolean
fun LongArray.isEmpty(): Boolean
fun ShortArray.isEmpty(): Boolean
fun CharSequence.isEmpty(): Boolean
e: file:///D:/proj/WLRUS/app/src/main/java/com/wlrus/handler/SettingsManager.kt:332:19 Return type mismatch: expected '
kotlin.collections.List<kotlin.String>', actual 'kotlin.collections.List<kotlin.Array<kotlin.String>>'.
e: file:///D:/proj/WLRUS/app/src/main/java/com/wlrus/handler/SettingsManager.kt:425:88 Argument type mismatch: actual t
ype is 'kotlin.String', but 'kotlin.Int' was expected.
e: file:///D:/proj/WLRUS/app/src/main/java/com/wlrus/handler/SettingsManager.kt:453:72 Argument type mismatch: actual t
ype is 'kotlin.Int', but 'kotlin.String' was expected.
e: file:///D:/proj/WLRUS/app/src/main/java/com/wlrus/handler/SettingsManager.kt:454:54 Argument type mismatch: actual t
ype is 'kotlin.Int', but 'kotlin.String' was expected.
e: file:///D:/proj/WLRUS/app/src/main/java/com/wlrus/handler/SettingsManager.kt:456:56 Argument type mismatch: actual t
ype is 'kotlin.Array<kotlin.String>', but 'kotlin.String' was expected.
e: file:///D:/proj/WLRUS/app/src/main/java/com/wlrus/handler/SpeedtestManager.kt:105:20 The feature "when guards" is ex
perimental and should be enabled explicitly
e: file:///D:/proj/WLRUS/app/src/main/java/com/wlrus/handler/V2RayServiceManager.kt:106:53 Unresolved reference 'PREF_P
ROXY_SHARING'.
e: file:///D:/proj/WLRUS/app/src/main/java/com/wlrus/handler/V2rayConfigManager.kt:378:57 Unresolved reference 'PREF_PR
OXY_SHARING'.
e: file:///D:/proj/WLRUS/app/src/main/java/com/wlrus/handler/WebDavManager.kt:100:25 Only safe (?.) or non-null asserte
d (!!.) calls are allowed on a nullable receiver of type 'okhttp3.ResponseBody?'.
e: file:///D:/proj/WLRUS/app/src/main/java/com/wlrus/service/V2RayVpnService.kt:205:30 Unresolved reference 'split'.
e: file:///D:/proj/WLRUS/app/src/main/java/com/wlrus/service/V2RayVpnService.kt:206:33 Cannot infer type for this param
eter. Please specify it explicitly.
e: file:///D:/proj/WLRUS/app/src/main/java/com/wlrus/service/V2RayVpnService.kt:206:42 Cannot infer type for this param
eter. Please specify it explicitly.
e: file:///D:/proj/WLRUS/app/src/main/java/com/wlrus/ui/MainActivity.kt:97:16 Unresolved reference 'layoutTest'.
e: file:///D:/proj/WLRUS/app/src/main/java/com/wlrus/ui/MainActivity.kt:121:48 Unresolved reference 'tabGroup'.
e: file:///D:/proj/WLRUS/app/src/main/java/com/wlrus/ui/MainActivity.kt:131:16 Unresolved reference 'tabGroup'.
e: file:///D:/proj/WLRUS/app/src/main/java/com/wlrus/ui/MainActivity.kt:184:24 Unresolved reference 'setImageResource'.
e: file:///D:/proj/WLRUS/app/src/main/java/com/wlrus/ui/MainActivity.kt:189:24 Unresolved reference 'setImageResource'.
e: file:///D:/proj/WLRUS/app/src/main/java/com/wlrus/ui/MainActivity.kt:193:20 Unresolved reference 'layoutTest'.
e: file:///D:/proj/WLRUS/app/src/main/java/com/wlrus/ui/MainActivity.kt:195:24 Unresolved reference 'setImageResource'.
e: file:///D:/proj/WLRUS/app/src/main/java/com/wlrus/ui/MainActivity.kt:199:20 Unresolved reference 'layoutTest'.
e: file:///D:/proj/WLRUS/app/src/main/java/com/wlrus/ui/MainActivity.kt:576:17 Unresolved reference 'per_app_proxy_sett
ings'.
e: file:///D:/proj/WLRUS/app/src/main/java/com/wlrus/ui/MainActivity.kt:580:17 Unresolved reference 'promotion'.
e: file:///D:/proj/WLRUS/app/src/main/java/com/wlrus/ui/MainActivity.kt:582:17 Unresolved reference 'check_for_update'.
e: file:///D:/proj/WLRUS/app/src/main/java/com/wlrus/ui/MainActivity.kt:583:17 Unresolved reference 'backup_restore'.
e: file:///D:/proj/WLRUS/app/src/main/java/com/wlrus/ui/MainRecyclerAdapter.kt:59:35 Unresolved reference 'tvName'.
e: file:///D:/proj/WLRUS/app/src/main/java/com/wlrus/ui/MainRecyclerAdapter.kt:60:35 Unresolved reference 'tvStatistics
'.
e: file:///D:/proj/WLRUS/app/src/main/java/com/wlrus/ui/MainRecyclerAdapter.kt:61:35 Unresolved reference 'tvType'.
e: file:///D:/proj/WLRUS/app/src/main/java/com/wlrus/ui/MainRecyclerAdapter.kt:67:105 Unresolved reference 'colorPingRe
d'.
e: file:///D:/proj/WLRUS/app/src/main/java/com/wlrus/ui/MainRecyclerAdapter.kt:69:105 Unresolved reference 'colorPing'.
e: file:///D:/proj/WLRUS/app/src/main/java/com/wlrus/ui/MainRecyclerAdapter.kt:74:39 Unresolved reference 'layoutIndica
tor'.
e: file:///D:/proj/WLRUS/app/src/main/java/com/wlrus/ui/MainRecyclerAdapter.kt:74:85 Unresolved reference 'colorIndicat
or'.
e: file:///D:/proj/WLRUS/app/src/main/java/com/wlrus/ui/MainRecyclerAdapter.kt:76:39 Unresolved reference 'layoutIndica
tor'.
e: file:///D:/proj/WLRUS/app/src/main/java/com/wlrus/ui/MainRecyclerAdapter.kt:81:35 Unresolved reference 'tvSubscripti
on'.
e: file:///D:/proj/WLRUS/app/src/main/java/com/wlrus/ui/MainRecyclerAdapter.kt:82:35 Unresolved reference 'layoutSubscr
iption'.
e: file:///D:/proj/WLRUS/app/src/main/java/com/wlrus/ui/MainRecyclerAdapter.kt:86:39 Unresolved reference 'layoutShare'
.
e: file:///D:/proj/WLRUS/app/src/main/java/com/wlrus/ui/MainRecyclerAdapter.kt:87:39 Unresolved reference 'layoutEdit'.
e: file:///D:/proj/WLRUS/app/src/main/java/com/wlrus/ui/MainRecyclerAdapter.kt:88:39 Unresolved reference 'layoutRemove
'.
e: file:///D:/proj/WLRUS/app/src/main/java/com/wlrus/ui/MainRecyclerAdapter.kt:89:39 Unresolved reference 'layoutMore'.
e: file:///D:/proj/WLRUS/app/src/main/java/com/wlrus/ui/MainRecyclerAdapter.kt:91:39 Unresolved reference 'layoutMore'.
e: file:///D:/proj/WLRUS/app/src/main/java/com/wlrus/ui/MainRecyclerAdapter.kt:95:39 Unresolved reference 'layoutShare'
.
e: file:///D:/proj/WLRUS/app/src/main/java/com/wlrus/ui/MainRecyclerAdapter.kt:96:39 Unresolved reference 'layoutEdit'.
e: file:///D:/proj/WLRUS/app/src/main/java/com/wlrus/ui/MainRecyclerAdapter.kt:97:39 Unresolved reference 'layoutRemove
'.
e: file:///D:/proj/WLRUS/app/src/main/java/com/wlrus/ui/MainRecyclerAdapter.kt:98:39 Unresolved reference 'layoutMore'.
e: file:///D:/proj/WLRUS/app/src/main/java/com/wlrus/ui/MainRecyclerAdapter.kt:100:39 Unresolved reference 'layoutShare
'.
e: file:///D:/proj/WLRUS/app/src/main/java/com/wlrus/ui/MainRecyclerAdapter.kt:104:39 Unresolved reference 'layoutEdit'
.
e: file:///D:/proj/WLRUS/app/src/main/java/com/wlrus/ui/MainRecyclerAdapter.kt:107:39 Unresolved reference 'layoutRemov
e'.
e: file:///D:/proj/WLRUS/app/src/main/java/com/wlrus/ui/MainRecyclerAdapter.kt:112:35 Unresolved reference 'infoContain
er'.
e: file:///D:/proj/WLRUS/app/src/main/java/com/wlrus/ui/RoutingSettingActivity.kt:38:41 Unresolved reference 'routing_d
omain_strategy'.
e: file:///D:/proj/WLRUS/app/src/main/java/com/wlrus/ui/ScannerActivity.kt:41:55 Unresolved reference 'QR_CODE'.
e: file:///D:/proj/WLRUS/app/src/main/java/com/wlrus/ui/ServerActivity.kt:63:41 Unresolved reference 'header_type_tcp'.
e: file:///D:/proj/WLRUS/app/src/main/java/com/wlrus/ui/ServerActivity.kt:66:41 Unresolved reference 'header_type_kcp_a
nd_quic'.
e: file:///D:/proj/WLRUS/app/src/main/java/com/wlrus/ui/ServerActivity.kt:69:41 Unresolved reference 'mode_type_grpc'.
e: file:///D:/proj/WLRUS/app/src/main/java/com/wlrus/ui/ServerActivity.kt:84:41 Unresolved reference 'xhttp_mode'.
e: file:///D:/proj/WLRUS/app/src/main/java/com/wlrus/ui/SettingsActivity.kt:12:17 Unresolved reference 'AngApplication'
.
e: file:///D:/proj/WLRUS/app/src/main/java/com/wlrus/ui/SettingsActivity.kt:207:51 Unresolved reference 'AngApplication
'.
e: file:///D:/proj/WLRUS/app/src/main/java/com/wlrus/ui/SettingsActivity.kt:225:51 Unresolved reference 'AngApplication
'.
e: file:///D:/proj/WLRUS/app/src/main/java/com/wlrus/ui/SubEditActivity.kt:47:16 Unresolved reference 'etRemarks'.
e: file:///D:/proj/WLRUS/app/src/main/java/com/wlrus/ui/SubEditActivity.kt:48:16 Unresolved reference 'etUrl'.
e: file:///D:/proj/WLRUS/app/src/main/java/com/wlrus/ui/SubEditActivity.kt:49:16 Unresolved reference 'etUserAgent'.
e: file:///D:/proj/WLRUS/app/src/main/java/com/wlrus/ui/SubEditActivity.kt:50:16 Unresolved reference 'etFilter'.
e: file:///D:/proj/WLRUS/app/src/main/java/com/wlrus/ui/SubEditActivity.kt:51:16 Unresolved reference 'chkEnable'.
e: file:///D:/proj/WLRUS/app/src/main/java/com/wlrus/ui/SubEditActivity.kt:52:16 Unresolved reference 'autoUpdateCheck'
.
e: file:///D:/proj/WLRUS/app/src/main/java/com/wlrus/ui/SubEditActivity.kt:53:16 Unresolved reference 'allowInsecureUrl
'.
e: file:///D:/proj/WLRUS/app/src/main/java/com/wlrus/ui/SubEditActivity.kt:54:16 Unresolved reference 'etPreProfile'.
e: file:///D:/proj/WLRUS/app/src/main/java/com/wlrus/ui/SubEditActivity.kt:55:16 Unresolved reference 'etNextProfile'.
e: file:///D:/proj/WLRUS/app/src/main/java/com/wlrus/ui/SubEditActivity.kt:63:16 Unresolved reference 'etRemarks'.
e: file:///D:/proj/WLRUS/app/src/main/java/com/wlrus/ui/SubEditActivity.kt:64:16 Unresolved reference 'etUrl'.
e: file:///D:/proj/WLRUS/app/src/main/java/com/wlrus/ui/SubEditActivity.kt:65:16 Unresolved reference 'etFilter'.
e: file:///D:/proj/WLRUS/app/src/main/java/com/wlrus/ui/SubEditActivity.kt:66:16 Unresolved reference 'chkEnable'.
e: file:///D:/proj/WLRUS/app/src/main/java/com/wlrus/ui/SubEditActivity.kt:67:16 Unresolved reference 'etPreProfile'.
e: file:///D:/proj/WLRUS/app/src/main/java/com/wlrus/ui/SubEditActivity.kt:68:16 Unresolved reference 'etNextProfile'.
e: file:///D:/proj/WLRUS/app/src/main/java/com/wlrus/ui/SubEditActivity.kt:78:34 Unresolved reference 'etRemarks'.
e: file:///D:/proj/WLRUS/app/src/main/java/com/wlrus/ui/SubEditActivity.kt:79:30 Unresolved reference 'etUrl'.
e: file:///D:/proj/WLRUS/app/src/main/java/com/wlrus/ui/SubEditActivity.kt:80:36 Unresolved reference 'etUserAgent'.
e: file:///D:/proj/WLRUS/app/src/main/java/com/wlrus/ui/SubEditActivity.kt:81:33 Unresolved reference 'etFilter'.
e: file:///D:/proj/WLRUS/app/src/main/java/com/wlrus/ui/SubEditActivity.kt:82:34 Unresolved reference 'chkEnable'.
e: file:///D:/proj/WLRUS/app/src/main/java/com/wlrus/ui/SubEditActivity.kt:83:37 Unresolved reference 'autoUpdateCheck'
.
e: file:///D:/proj/WLRUS/app/src/main/java/com/wlrus/ui/SubEditActivity.kt:84:38 Unresolved reference 'etPreProfile'.
e: file:///D:/proj/WLRUS/app/src/main/java/com/wlrus/ui/SubEditActivity.kt:85:38 Unresolved reference 'etNextProfile'.
e: file:///D:/proj/WLRUS/app/src/main/java/com/wlrus/ui/SubEditActivity.kt:86:43 Unresolved reference 'allowInsecureUrl
'.
e: file:///D:/proj/WLRUS/app/src/main/java/com/wlrus/ui/UserAssetActivity.kt:77:15 Return type mismatch: expected 'kotl
in.String', actual 'it(kotlin.Comparable<it(kotlin.String & kotlin.Char)> & java.io.Serializable)'.
e: file:///D:/proj/WLRUS/app/src/main/java/com/wlrus/ui/UserAssetActivity.kt:77:85 Type mismatch: inferred type is 'kot
lin.Char', but 'kotlin.String' was expected.
e: file:///D:/proj/WLRUS/app/src/main/java/com/wlrus/ui/UserAssetActivity.kt:81:71 Unresolved reference 'toTypedArray'.
e: file:///D:/proj/WLRUS/app/src/main/java/com/wlrus/ui/UserAssetActivity.kt:81:89 Cannot infer type for this parameter
. Please specify it explicitly.
e: file:///D:/proj/WLRUS/app/src/main/java/com/wlrus/ui/UserAssetActivity.kt:81:92 Cannot infer type for this parameter
. Please specify it explicitly.
e: file:///D:/proj/WLRUS/app/src/main/java/com/wlrus/ui/UserAssetActivity.kt:84:28 None of the following candidates is 
applicable:
fun encodeSettings(key: String, value: String?): Boolean
fun encodeSettings(key: String, value: Int): Boolean
fun encodeSettings(key: String, value: Long): Boolean
fun encodeSettings(key: String, value: Float): Boolean
fun encodeSettings(key: String, value: Boolean): Boolean
fun encodeSettings(key: String, value: MutableSet<String>): Boolean
e: file:///D:/proj/WLRUS/app/src/main/java/com/wlrus/ui/UserAssetActivity.kt:85:56 Assignment type mismatch: actual typ
e is 'kotlin.Char', but 'kotlin.CharSequence!' was expected.
e: file:///D:/proj/WLRUS/app/src/main/java/com/wlrus/ui/UserAssetActivity.kt:89:10 Unresolved reference 'show'.
e: file:///D:/proj/WLRUS/app/src/main/java/com/wlrus/viewmodel/MainViewModel.kt:14:17 Unresolved reference 'AngApplicat
ion'.
e: file:///D:/proj/WLRUS/app/src/main/java/com/wlrus/viewmodel/MainViewModel.kt:62:23 Unresolved reference 'AngApplicat
ion'.
e: file:///D:/proj/WLRUS/app/src/main/java/com/wlrus/viewmodel/MainViewModel.kt:62:41 Unresolved reference 'unregisterR
eceiver'.
e: file:///D:/proj/WLRUS/app/src/main/java/com/wlrus/viewmodel/MainViewModel.kt:210:12 Argument type mismatch: actual t
ype is 'android.app.Application', but 'android.content.Context' was expected.
e: file:///D:/proj/WLRUS/app/src/main/java/com/wlrus/viewmodel/MainViewModel.kt:210:27 Unresolved reference 'AngApplica
tion'.
e: file:///D:/proj/WLRUS/app/src/main/java/com/wlrus/viewmodel/MainViewModel.kt:211:12 Argument type mismatch: actual t
ype is 'kotlin.collections.List<kotlin.String>', but 'kotlin.collections.List<kotlin.String>' was expected.
e: file:///D:/proj/WLRUS/app/src/main/java/com/wlrus/viewmodel/MainViewModel.kt:427:39 Argument type mismatch: actual t
ype is 'android.app.Application', but 'android.content.Context' was expected.
e: file:///D:/proj/WLRUS/app/src/main/java/com/wlrus/viewmodel/MainViewModel.kt:427:54 Unresolved reference 'AngApplica
tion'.
e: file:///D:/proj/WLRUS/app/src/main/java/com/wlrus/viewmodel/MainViewModel.kt:427:73 Argument type mismatch: actual t
ype is 'android.content.res.AssetManager', but 'android.content.res.AssetManager' was expected.
e: file:///D:/proj/WLRUS/app/src/main/java/com/wlrus/viewmodel/MainViewModel.kt:471:35 Unresolved reference 'AngApplica
tion'.
e: file:///D:/proj/WLRUS/app/src/main/java/com/wlrus/viewmodel/MainViewModel.kt:476:35 Unresolved reference 'AngApplica
tion'.
e: file:///D:/proj/WLRUS/app/src/main/java/com/wlrus/viewmodel/MainViewModel.kt:497:39 Unresolved reference 'AngApplica
tion'.
e: file:///D:/proj/WLRUS/app/src/main/java/com/wlrus/viewmodel/MainViewModel.kt:497:57 Unresolved reference 'getString'
.

> Task :app:compilePlayDebugKotlin FAILED

[Incubating] Problems report is available at: file:///D:/proj/WLRUS/build/reports/problems/problems-report.html

FAILURE: Build failed with an exception.

* What went wrong:
Execution failed for task ':app:compilePlayDebugKotlin'.
> A failure occurred while executing org.jetbrains.kotlin.compilerRunner.GradleCompilerRunnerWithWorkers$GradleKotlinCo
mpilerWorkAction
   > Compilation error. See log for more details

* Try:
> Run with --stacktrace option to get the stack trace.
> Run with --info or --debug option to get more log output.
> Run with --scan to get full insights from a Build Scan (powered by Develocity).
> Get more help at https://help.gradle.org.

Deprecated Gradle features were used in this build, making it incompatible with Gradle 10.

You can use '--warning-mode all' to show the individual deprecation warnings and determine if they come from your own scripts or plugins.

For more on this, please refer to https://docs.gradle.org/9.3.1/userguide/command_line_interface.html#sec:command_line_warnings in the Gradle documentation.

BUILD FAILED in 1m 37s
18 actionable tasks: 1 executed, 17 up-to-date
