.\gradlew.bat : WARNING: A restricted method in java.lang.System has been called
строка:1 знак:1
+ .\gradlew.bat assemblePlayDebug 2>&1 | Tee-Object build_output.txt
+ ~~~~~~~~~~~~~~~~~~~~~~~~~~~~~~~~~~~~
    + CategoryInfo          : NotSpecified: (WARNING: A rest...has been called:String) [], RemoteException
    + FullyQualifiedErrorId : NativeCommandError
 
WARNING: java.lang.System::load has been called by net.rubygrapefruit.platform.internal.NativeLibraryLoader in an unnam
ed module (file:/C:/Users/savin/.gradle/wrapper/dists/gradle-9.3.1-bin/23ovyewtku6u96viwx3xl3oks/gradle-9.3.1/lib/nativ
e-platform-0.22-milestone-29.jar)
WARNING: Use --enable-native-access=ALL-UNNAMED to avoid a warning for callers in this module
WARNING: Restricted methods will be blocked in a future release unless native access is enabled

Configuration on demand is an incubating feature.
> Task :app:preBuild UP-TO-DATE
> Task :app:prePlayDebugBuild UP-TO-DATE
> Task :app:mergePlayDebugNativeDebugMetadata NO-SOURCE
> Task :app:checkKotlinGradlePluginConfigurationErrors SKIPPED
> Task :app:dataBindingMergeDependencyArtifactsPlayDebug UP-TO-DATE
> Task :app:generatePlayDebugResValues UP-TO-DATE
> Task :app:generatePlayDebugResources UP-TO-DATE
> Task :app:mergePlayDebugResources UP-TO-DATE
> Task :app:packagePlayDebugResources UP-TO-DATE
> Task :app:parsePlayDebugLocalResources UP-TO-DATE
> Task :app:dataBindingGenBaseClassesPlayDebug UP-TO-DATE
> Task :app:generatePlayDebugBuildConfig UP-TO-DATE
> Task :app:checkPlayDebugAarMetadata UP-TO-DATE
> Task :app:mapPlayDebugSourceSetPaths UP-TO-DATE
> Task :app:createPlayDebugCompatibleScreenManifests UP-TO-DATE
> Task :app:extractDeepLinksPlayDebug UP-TO-DATE
> Task :app:processPlayDebugMainManifest UP-TO-DATE
> Task :app:processPlayDebugManifest UP-TO-DATE
> Task :app:processPlayDebugManifestForPackage UP-TO-DATE
> Task :app:processPlayDebugResources UP-TO-DATE
> Task :app:javaPreCompilePlayDebug UP-TO-DATE
> Task :app:mergePlayDebugShaders UP-TO-DATE
> Task :app:compilePlayDebugShaders NO-SOURCE
> Task :app:generatePlayDebugAssets UP-TO-DATE
> Task :app:mergePlayDebugAssets UP-TO-DATE
> Task :app:compressPlayDebugAssets UP-TO-DATE
> Task :app:checkPlayDebugDuplicateClasses UP-TO-DATE
> Task :app:desugarPlayDebugFileDependencies UP-TO-DATE
> Task :app:mergeExtDexPlayDebug UP-TO-DATE
> Task :app:mergeLibDexPlayDebug UP-TO-DATE
> Task :app:mergePlayDebugJniLibFolders UP-TO-DATE
> Task :app:mergePlayDebugNativeLibs UP-TO-DATE
> Task :app:stripPlayDebugDebugSymbols UP-TO-DATE
> Task :app:validateSigningPlayDebug UP-TO-DATE
> Task :app:writePlayDebugAppMetadata UP-TO-DATE
> Task :app:writePlayDebugSigningConfigVersions UP-TO-DATE

> Task :app:kaptGenerateStubsPlayDebugKotlin
w: Kapt currently doesn't support language version 2.0+. Falling back to 1.9.

> Task :app:kaptPlayDebugKotlin SKIPPED

> Task :app:compilePlayDebugKotlin
w: file:///D:/proj/WLRUS/app/src/main/java/com/wlrus/service/V2RayVpnService.kt:106:12 Condition is always 'false'.

> Task :app:compilePlayDebugJavaWithJavac
> Task :app:dexBuilderPlayDebug
> Task :app:mergePlayDebugGlobalSynthetics
> Task :app:processPlayDebugJavaRes
> Task :app:mergeProjectDexPlayDebug
> Task :app:mergePlayDebugJavaResource
> Task :app:packagePlayDebug
> Task :app:createPlayDebugApkListingFileRedirect
> Task :app:assemblePlayDebug

[Incubating] Problems report is available at: file:///D:/proj/WLRUS/build/reports/problems/problems-report.html

Deprecated Gradle features were used in this build, making it incompatible with Gradle 10.

You can use '--warning-mode all' to show the individual deprecation warnings and determine if they come from your own scripts or plugins.

For more on this, please refer to https://docs.gradle.org/9.3.1/userguide/command_line_interface.html#sec:command_line_warnings in the Gradle documentation.

BUILD SUCCESSFUL in 1m 5s
40 actionable tasks: 10 executed, 30 up-to-date
Consider enabling configuration cache to speed up this build: https://docs.gradle.org/9.3.1/userguide/configuration_cache_enabling.html
